// Jest Snapshot v1, https://goo.gl/fbAQLP

exports[`renders demo correctly 1`] = `
<div>
  <div>
    <div class="sku-container">
      <!----> <button class="van-button van-button--primary van-button--normal van-button--block">
        <div class="van-button__content"><span class="van-button__text">
        基础用法
      </span></div>
      </button></div>
  </div>
  <div>
    <div class="sku-container">
      <!----> <button class="van-button van-button--primary van-button--normal van-button--block">
        <div class="van-button__content"><span class="van-button__text">
        自定义步进器
      </span></div>
      </button></div>
  </div>
  <div>
    <div class="sku-container">
      <!----> <button class="van-button van-button--primary van-button--normal van-button--block">
        <div class="van-button__content"><span class="van-button__text">
        隐藏售罄规格
      </span></div>
      </button></div>
  </div>
  <div>
    <div class="sku-container">
      <!----> <button class="van-button van-button--primary van-button--normal van-button--block">
        <div class="van-button__content"><span class="van-button__text">
        大图预览模式
      </span></div>
      </button></div>
  </div>
  <div>
    <div class="sku-container">
      <!----> <button class="van-button van-button--primary van-button--normal van-button--block">
        <div class="van-button__content"><span class="van-button__text">
        通过插槽定制
      </span></div>
      </button></div>
  </div>
</div>
`;
